[2026-09-19 00:36:02] [TRACE]   [OmnipathR] Reading JSON from `/home/marcelo.hurtado/.cache/OmnipathR/cache.json` (encoding: UTF-8).
[2026-09-19 00:36:02] [TRACE]   [OmnipathR] JSON validation successful: TRUE
[2026-09-19 00:36:02] [INFO]    [OmnipathR] Initialized cache: `/home/marcelo.hurtado/.cache/OmnipathR`.
[2026-09-19 00:36:02] [INFO]    [OmnipathR] Package `OmnipathR` packaged: 2026-04-26 01:54:40 UTC; marcelo.hurtado
[2026-09-19 00:36:02] [INFO]    [OmnipathR] Package `OmnipathR` date/publication: NA
[2026-09-19 00:36:02] [INFO]    [OmnipathR] Package `OmnipathR` built: R 4.3.1; ; 2026-04-28 10:13:07 UTC; unix
[2026-09-19 00:36:02] [INFO]    [OmnipathR] Package `OmnipathR` version: 3.99.0
[2026-09-19 00:36:02] [INFO]    [OmnipathR] Package `OmnipathR` repository: NA
[2026-09-19 00:36:02] [INFO]    [OmnipathR] Session info: [version=R version 4.3.1 (2023-06-16); os=Ubuntu 24.04.1 LTS; system=x86_64, linux-gnu; ui=X11; language=(EN); collate=en_US.UTF-8; ctype=en_US.UTF-8; tz=Europe/Paris; date=2026-09-19; pandoc=3.1.3 @ /usr/bin/ (via rmarkdown); quarto=NA]
[2026-09-19 00:36:02] [INFO]    [OmnipathR] External libraries: [cairo=1.18.0; cairoFT=; pango=1.52.1; png=1.6.43; jpeg=8.0; tiff=LIBTIFF, Version 4.3.0; tcl=8.6.14; curl=8.5.0; zlib=1.3; bzlib=1.0.8, 13-Jul-2019; xz=5.4.5; PCRE=10.42 2022-12-11; ICU=70.1; TRE=TRE 0.8.0 R_fixes (BSD); iconv=glibc 2.39; readline=8.2; BLAS=/usr/lib/x86_64-linux-gnu/openblas-pthread/libblas.so.3; lapack=/usr/lib/x86_64-linux-gnu/openblas-pthread/libopenblasp-r0.3.26.so; lapack_version=3.12.0]
[2026-09-19 00:36:02] [INFO]    [OmnipathR] Loaded packages: backports 1.5.0(2024-05-23); bit 4.0.5(2022-11-15); bit64 4.0.5(2020-08-30); blob 1.2.4(2023-03-17); cachem 1.1.0(2024-05-16); cellranger 1.1.0(2016-07-27); checkmate 2.3.2(2024-07-29); cli 3.6.5(2025-04-23); crayon 1.5.3(2024-06-20); curl 7.0.0(2025-08-19); DBI 1.2.3(2024-06-02); digest 0.6.37(2024-08-19); dplyr 1.1.4(2023-11-17); evaluate 1.0.5(2025-08-27); fansi 1.0.6(2023-12-08); fastmap 1.2.0(2024-05-15); fs 1.6.6(2025-04-12); generics 0.1.3(2022-07-05); glue 1.8.0(2024-09-30); hms 1.1.3(2023-03-21); htmltools 0.5.8.1(2024-04-04); httr 1.4.7(2023-08-15); httr2 1.2.2(2025-12-08); igraph 2.0.3(2024-03-13); jsonlite 2.0.0(2025-03-27); knitr 1.50(2025-03-16); later 1.4.8(2026-03-05); lifecycle 1.0.4(2023-11-07); logger 0.3.0(2024-03-05); lubridate 1.9.3(2023-09-27); magrittr 2.0.3(2022-03-30); memoise 2.0.1(2021-11-26); OmnipathR 3.99.0(2026-04-28); otel 0.2.0(2025-08-29); pillar 1.9.0(2023-03-22); pkgconfig 2.0.3(2019-09-22); prettyunits 1.2.0(2023-09-24); progress 1.2.3(2023-12-06); purrr 1.1.0(2025-07-10); R.methodsS3 1.8.2(2022-06-13); R.oo 1.26.0(2024-01-24); R.utils 2.12.3(2023-11-18); R6 2.6.1(2025-02-15); rappdirs 0.3.3(2021-01-31); Rcpp 1.1.0(2025-07-02); readr 2.1.5(2024-01-10); readxl 1.4.3(2023-07-06); rlang 1.1.6(2025-04-11); rmarkdown 2.28(2024-08-17); RSQLite 2.3.7(2024-05-27); rvest 1.0.4(2024-02-12); sessioninfo 1.2.3(2025-02-05); stringi 1.8.4(2024-05-06); stringr 1.5.1(2023-11-14); tibble 3.2.1(2023-03-20); tidyr 1.3.1(2024-01-24); tidyselect 1.2.1(2024-03-11); timechange 0.3.0(2024-01-18); tzdb 0.4.0(2023-05-12); utf8 1.2.4(2023-10-22); vctrs 0.6.5(2023-12-01); withr 3.0.2(2024-10-28); xfun 0.52(2025-04-02); XML 3.99-0.17(2024-06-25); xml2 1.3.6(2023-12-04); yaml 2.3.10(2024-07-26); zip 2.3.1(2024-01-27)
[2026-09-19 00:36:02] [INFO]    [OmnipathR] CURL: version: 8.5.0; headers: 7.81.0; ssl_version: OpenSSL/3.0.13; libz_version: 1.3; libssh_version: libssh/0.10.6/openssl/zlib; libidn_version: 2.3.7; host: x86_64-pc-linux-gnu; protocols: dict, file, ftp, ftps, gopher, gophers, http, https, imap, imaps, ldap, ldaps, mqtt, pop3, pop3s, rtmp, rtmpe, rtmps, rtmpt, rtmpte, rtmpts, rtsp, scp, sftp, smb, smbs, smtp, smtps, telnet, tftp; ipv6: TRUE; http2: TRUE; idn: TRUE; url_parser: TRUE
[2026-09-19 00:36:02] [TRACE]   [OmnipathR] Reading JSON from `/home/marcelo.hurtado/R/x86_64-pc-linux-gnu-library/4.3/OmnipathR/db/db_def.json` (encoding: UTF-8).
[2026-09-19 00:36:02] [TRACE]   [OmnipathR] JSON validation successful: TRUE
[2026-09-19 00:36:03] [TRACE]   [OmnipathR] Reading JSON from `/home/marcelo.hurtado/R/x86_64-pc-linux-gnu-library/4.3/OmnipathR/internal/magic_bytes.json` (encoding: UTF-8).
[2026-09-19 00:36:03] [TRACE]   [OmnipathR] JSON validation successful: TRUE
[2026-09-19 00:36:03] [TRACE]   [OmnipathR] Reading JSON from `/home/marcelo.hurtado/R/x86_64-pc-linux-gnu-library/4.3/OmnipathR/internal/urls.json` (encoding: UTF-8).
[2026-09-19 00:36:03] [TRACE]   [OmnipathR] JSON validation successful: TRUE
[2026-09-19 00:36:03] [TRACE]   [OmnipathR] Reading JSON from `/home/marcelo.hurtado/R/x86_64-pc-linux-gnu-library/4.3/OmnipathR/internal/id_types.json` (encoding: UTF-8).
[2026-09-19 00:36:03] [TRACE]   [OmnipathR] JSON validation successful: TRUE
[2026-09-19 00:36:16] [TRACE]   [OmnipathR] Reading JSON from `/home/marcelo.hurtado/.cache/OmnipathR/cache.json` (encoding: UTF-8).
[2026-09-19 00:36:16] [TRACE]   [OmnipathR] JSON validation successful: TRUE
[2026-09-19 00:36:16] [INFO]    [OmnipathR] Initialized cache: `/home/marcelo.hurtado/.cache/OmnipathR`.
[2026-09-19 00:36:16] [INFO]    [OmnipathR] Package `OmnipathR` packaged: 2026-04-26 01:54:40 UTC; marcelo.hurtado
[2026-09-19 00:36:16] [INFO]    [OmnipathR] Package `OmnipathR` date/publication: NA
[2026-09-19 00:36:16] [INFO]    [OmnipathR] Package `OmnipathR` built: R 4.3.1; ; 2026-04-28 10:13:07 UTC; unix
[2026-09-19 00:36:16] [INFO]    [OmnipathR] Package `OmnipathR` version: 3.99.0
[2026-09-19 00:36:16] [INFO]    [OmnipathR] Package `OmnipathR` repository: NA
[2026-09-19 00:36:16] [INFO]    [OmnipathR] Session info: [version=R version 4.3.1 (2023-06-16); os=Ubuntu 24.04.1 LTS; system=x86_64, linux-gnu; ui=X11; language=(EN); collate=en_US.UTF-8; ctype=en_US.UTF-8; tz=Europe/Paris; date=2026-09-19; pandoc=3.1.3 @ /usr/bin/ (via rmarkdown); quarto=NA]
[2026-09-19 00:36:16] [INFO]    [OmnipathR] External libraries: [cairo=1.18.0; cairoFT=; pango=1.52.1; png=1.6.43; jpeg=8.0; tiff=LIBTIFF, Version 4.3.0; tcl=8.6.14; curl=8.5.0; zlib=1.3; bzlib=1.0.8, 13-Jul-2019; xz=5.4.5; PCRE=10.42 2022-12-11; ICU=70.1; TRE=TRE 0.8.0 R_fixes (BSD); iconv=glibc 2.39; readline=8.2; BLAS=/usr/lib/x86_64-linux-gnu/openblas-pthread/libblas.so.3; lapack=/usr/lib/x86_64-linux-gnu/openblas-pthread/libopenblasp-r0.3.26.so; lapack_version=3.12.0]
[2026-09-19 00:36:16] [INFO]    [OmnipathR] Loaded packages: backports 1.5.0(2024-05-23); bit 4.0.5(2022-11-15); bit64 4.0.5(2020-08-30); blob 1.2.4(2023-03-17); cachem 1.1.0(2024-05-16); cellranger 1.1.0(2016-07-27); checkmate 2.3.2(2024-07-29); cli 3.6.5(2025-04-23); crayon 1.5.3(2024-06-20); curl 7.0.0(2025-08-19); DBI 1.2.3(2024-06-02); digest 0.6.37(2024-08-19); dplyr 1.1.4(2023-11-17); evaluate 1.0.5(2025-08-27); fansi 1.0.6(2023-12-08); fastmap 1.2.0(2024-05-15); fs 1.6.6(2025-04-12); generics 0.1.3(2022-07-05); glue 1.8.0(2024-09-30); hms 1.1.3(2023-03-21); htmltools 0.5.8.1(2024-04-04); httr 1.4.7(2023-08-15); httr2 1.2.2(2025-12-08); igraph 2.0.3(2024-03-13); jsonlite 2.0.0(2025-03-27); knitr 1.50(2025-03-16); later 1.4.8(2026-03-05); lifecycle 1.0.4(2023-11-07); logger 0.3.0(2024-03-05); lubridate 1.9.3(2023-09-27); magrittr 2.0.3(2022-03-30); memoise 2.0.1(2021-11-26); OmnipathR 3.99.0(2026-04-28); otel 0.2.0(2025-08-29); pillar 1.9.0(2023-03-22); pkgconfig 2.0.3(2019-09-22); prettyunits 1.2.0(2023-09-24); progress 1.2.3(2023-12-06); purrr 1.1.0(2025-07-10); R.methodsS3 1.8.2(2022-06-13); R.oo 1.26.0(2024-01-24); R.utils 2.12.3(2023-11-18); R6 2.6.1(2025-02-15); rappdirs 0.3.3(2021-01-31); Rcpp 1.1.0(2025-07-02); readr 2.1.5(2024-01-10); readxl 1.4.3(2023-07-06); rlang 1.1.6(2025-04-11); rmarkdown 2.28(2024-08-17); RSQLite 2.3.7(2024-05-27); rvest 1.0.4(2024-02-12); sessioninfo 1.2.3(2025-02-05); stringi 1.8.4(2024-05-06); stringr 1.5.1(2023-11-14); tibble 3.2.1(2023-03-20); tidyr 1.3.1(2024-01-24); tidyselect 1.2.1(2024-03-11); timechange 0.3.0(2024-01-18); tzdb 0.4.0(2023-05-12); utf8 1.2.4(2023-10-22); vctrs 0.6.5(2023-12-01); withr 3.0.2(2024-10-28); xfun 0.52(2025-04-02); XML 3.99-0.17(2024-06-25); xml2 1.3.6(2023-12-04); yaml 2.3.10(2024-07-26); zip 2.3.1(2024-01-27)
[2026-09-19 00:36:16] [INFO]    [OmnipathR] CURL: version: 8.5.0; headers: 7.81.0; ssl_version: OpenSSL/3.0.13; libz_version: 1.3; libssh_version: libssh/0.10.6/openssl/zlib; libidn_version: 2.3.7; host: x86_64-pc-linux-gnu; protocols: dict, file, ftp, ftps, gopher, gophers, http, https, imap, imaps, ldap, ldaps, mqtt, pop3, pop3s, rtmp, rtmpe, rtmps, rtmpt, rtmpte, rtmpts, rtsp, scp, sftp, smb, smbs, smtp, smtps, telnet, tftp; ipv6: TRUE; http2: TRUE; idn: TRUE; url_parser: TRUE
[2026-09-19 00:36:16] [TRACE]   [OmnipathR] Reading JSON from `/home/marcelo.hurtado/R/x86_64-pc-linux-gnu-library/4.3/OmnipathR/db/db_def.json` (encoding: UTF-8).
[2026-09-19 00:36:16] [TRACE]   [OmnipathR] JSON validation successful: TRUE
[2026-09-19 00:36:16] [TRACE]   [OmnipathR] Reading JSON from `/home/marcelo.hurtado/R/x86_64-pc-linux-gnu-library/4.3/OmnipathR/internal/magic_bytes.json` (encoding: UTF-8).
[2026-09-19 00:36:16] [TRACE]   [OmnipathR] JSON validation successful: TRUE
[2026-09-19 00:36:16] [TRACE]   [OmnipathR] Reading JSON from `/home/marcelo.hurtado/R/x86_64-pc-linux-gnu-library/4.3/OmnipathR/internal/urls.json` (encoding: UTF-8).
[2026-09-19 00:36:16] [TRACE]   [OmnipathR] JSON validation successful: TRUE
[2026-09-19 00:36:16] [TRACE]   [OmnipathR] Reading JSON from `/home/marcelo.hurtado/R/x86_64-pc-linux-gnu-library/4.3/OmnipathR/internal/id_types.json` (encoding: UTF-8).
[2026-09-19 00:36:16] [TRACE]   [OmnipathR] JSON validation successful: TRUE
[2026-09-19 00:36:41] [TRACE]   [OmnipathR] Reading JSON from `/home/marcelo.hurtado/.cache/OmnipathR/cache.json` (encoding: UTF-8).
[2026-09-19 00:36:41] [TRACE]   [OmnipathR] JSON validation successful: TRUE
[2026-09-19 00:36:41] [INFO]    [OmnipathR] Initialized cache: `/home/marcelo.hurtado/.cache/OmnipathR`.
[2026-09-19 00:36:41] [INFO]    [OmnipathR] Package `OmnipathR` packaged: 2026-04-26 01:54:40 UTC; marcelo.hurtado
[2026-09-19 00:36:41] [INFO]    [OmnipathR] Package `OmnipathR` date/publication: NA
[2026-09-19 00:36:41] [INFO]    [OmnipathR] Package `OmnipathR` built: R 4.3.1; ; 2026-04-28 10:13:07 UTC; unix
[2026-09-19 00:36:41] [INFO]    [OmnipathR] Package `OmnipathR` version: 3.99.0
[2026-09-19 00:36:41] [INFO]    [OmnipathR] Package `OmnipathR` repository: NA
[2026-09-19 00:36:41] [INFO]    [OmnipathR] Session info: [version=R version 4.3.1 (2023-06-16); os=Ubuntu 24.04.1 LTS; system=x86_64, linux-gnu; ui=X11; language=(EN); collate=en_US.UTF-8; ctype=en_US.UTF-8; tz=Europe/Paris; date=2026-09-19; pandoc=3.1.3 @ /usr/bin/ (via rmarkdown); quarto=NA]
[2026-09-19 00:36:41] [INFO]    [OmnipathR] External libraries: [cairo=1.18.0; cairoFT=; pango=1.52.1; png=1.6.43; jpeg=8.0; tiff=LIBTIFF, Version 4.3.0; tcl=8.6.14; curl=8.5.0; zlib=1.3; bzlib=1.0.8, 13-Jul-2019; xz=5.4.5; PCRE=10.42 2022-12-11; ICU=70.1; TRE=TRE 0.8.0 R_fixes (BSD); iconv=glibc 2.39; readline=8.2; BLAS=/usr/lib/x86_64-linux-gnu/openblas-pthread/libblas.so.3; lapack=/usr/lib/x86_64-linux-gnu/openblas-pthread/libopenblasp-r0.3.26.so; lapack_version=3.12.0]
[2026-09-19 00:36:41] [INFO]    [OmnipathR] Loaded packages: backports 1.5.0(2024-05-23); bit 4.0.5(2022-11-15); bit64 4.0.5(2020-08-30); blob 1.2.4(2023-03-17); cachem 1.1.0(2024-05-16); cellranger 1.1.0(2016-07-27); checkmate 2.3.2(2024-07-29); cli 3.6.5(2025-04-23); crayon 1.5.3(2024-06-20); curl 7.0.0(2025-08-19); DBI 1.2.3(2024-06-02); digest 0.6.37(2024-08-19); dplyr 1.1.4(2023-11-17); evaluate 1.0.5(2025-08-27); fansi 1.0.6(2023-12-08); fastmap 1.2.0(2024-05-15); fs 1.6.6(2025-04-12); generics 0.1.3(2022-07-05); glue 1.8.0(2024-09-30); hms 1.1.3(2023-03-21); htmltools 0.5.8.1(2024-04-04); httr 1.4.7(2023-08-15); httr2 1.2.2(2025-12-08); igraph 2.0.3(2024-03-13); jsonlite 2.0.0(2025-03-27); knitr 1.50(2025-03-16); later 1.4.8(2026-03-05); lifecycle 1.0.4(2023-11-07); logger 0.3.0(2024-03-05); lubridate 1.9.3(2023-09-27); magrittr 2.0.3(2022-03-30); memoise 2.0.1(2021-11-26); OmnipathR 3.99.0(2026-04-28); otel 0.2.0(2025-08-29); pillar 1.9.0(2023-03-22); pkgconfig 2.0.3(2019-09-22); prettyunits 1.2.0(2023-09-24); progress 1.2.3(2023-12-06); purrr 1.1.0(2025-07-10); R.methodsS3 1.8.2(2022-06-13); R.oo 1.26.0(2024-01-24); R.utils 2.12.3(2023-11-18); R6 2.6.1(2025-02-15); rappdirs 0.3.3(2021-01-31); Rcpp 1.1.0(2025-07-02); readr 2.1.5(2024-01-10); readxl 1.4.3(2023-07-06); rlang 1.1.6(2025-04-11); rmarkdown 2.28(2024-08-17); RSQLite 2.3.7(2024-05-27); rvest 1.0.4(2024-02-12); sessioninfo 1.2.3(2025-02-05); stringi 1.8.4(2024-05-06); stringr 1.5.1(2023-11-14); tibble 3.2.1(2023-03-20); tidyr 1.3.1(2024-01-24); tidyselect 1.2.1(2024-03-11); timechange 0.3.0(2024-01-18); tzdb 0.4.0(2023-05-12); utf8 1.2.4(2023-10-22); vctrs 0.6.5(2023-12-01); withr 3.0.2(2024-10-28); xfun 0.52(2025-04-02); XML 3.99-0.17(2024-06-25); xml2 1.3.6(2023-12-04); yaml 2.3.10(2024-07-26); zip 2.3.1(2024-01-27)
[2026-09-19 00:36:41] [INFO]    [OmnipathR] CURL: version: 8.5.0; headers: 7.81.0; ssl_version: OpenSSL/3.0.13; libz_version: 1.3; libssh_version: libssh/0.10.6/openssl/zlib; libidn_version: 2.3.7; host: x86_64-pc-linux-gnu; protocols: dict, file, ftp, ftps, gopher, gophers, http, https, imap, imaps, ldap, ldaps, mqtt, pop3, pop3s, rtmp, rtmpe, rtmps, rtmpt, rtmpte, rtmpts, rtsp, scp, sftp, smb, smbs, smtp, smtps, telnet, tftp; ipv6: TRUE; http2: TRUE; idn: TRUE; url_parser: TRUE
[2026-09-19 00:36:41] [TRACE]   [OmnipathR] Reading JSON from `/home/marcelo.hurtado/R/x86_64-pc-linux-gnu-library/4.3/OmnipathR/db/db_def.json` (encoding: UTF-8).
[2026-09-19 00:36:41] [TRACE]   [OmnipathR] JSON validation successful: TRUE
[2026-09-19 00:36:41] [TRACE]   [OmnipathR] Reading JSON from `/home/marcelo.hurtado/R/x86_64-pc-linux-gnu-library/4.3/OmnipathR/internal/magic_bytes.json` (encoding: UTF-8).
[2026-09-19 00:36:41] [TRACE]   [OmnipathR] JSON validation successful: TRUE
[2026-09-19 00:36:41] [TRACE]   [OmnipathR] Reading JSON from `/home/marcelo.hurtado/R/x86_64-pc-linux-gnu-library/4.3/OmnipathR/internal/urls.json` (encoding: UTF-8).
[2026-09-19 00:36:41] [TRACE]   [OmnipathR] JSON validation successful: TRUE
[2026-09-19 00:36:41] [TRACE]   [OmnipathR] Reading JSON from `/home/marcelo.hurtado/R/x86_64-pc-linux-gnu-library/4.3/OmnipathR/internal/id_types.json` (encoding: UTF-8).
[2026-09-19 00:36:41] [TRACE]   [OmnipathR] JSON validation successful: TRUE
[2026-09-19 00:36:43] [TRACE]   [OmnipathR] Processing args for OmniPath query
[2026-09-19 00:36:43] [TRACE]   [OmnipathR] Arguments for OmniPath query: [wide=TRUE,resources=TCGA,organisms=9606,query_type=annotations]
[2026-09-19 00:36:43] [TRACE]   [OmnipathR] Param in `omnipath_query`: [query_type=annotations,organism=9606,resources=TCGA,datasets=NULL(0),types=NULL(0),genesymbols=yes,fields=NULL(0),default_fields=TRUE,silent=FALSE,logicals=NULL(0),download_args=[],format=data.frame,references_by_resource=TRUE,add_counts=TRUE,license=NULL(0),password=NULL(0),exclude=NULL(0),json_param=[],strict_evidences=FALSE,genesymbol_resource=UniProt,cache=TRUE]
[2026-09-19 00:36:43] [INFO]    [OmnipathR] Loading database `Ensembl and OMA organism names`.
[2026-09-19 00:36:43] [TRACE]   [OmnipathR] Checking on-disk cache for database `organisms`.
[2026-09-19 00:36:43] [TRACE]   [OmnipathR] Loaded data from RDS `/home/marcelo.hurtado/.cache/OmnipathR/2279cf45097ad11a757767cb09e3eb8d227f0445-1.rds`.
[2026-09-19 00:36:43] [INFO]    [OmnipathR] Loaded database `Ensembl and OMA organism names`.
[2026-09-19 00:36:43] [TRACE]   [OmnipathR] Organism(s): 9606
[2026-09-19 00:36:43] [TRACE]   [OmnipathR] Orthology targets: 
[2026-09-19 00:36:43] [TRACE]   [OmnipathR] Reading JSON from `https://omnipathdb.org/resources` (encoding: UTF-8).
[2026-09-19 00:36:44] [TRACE]   [OmnipathR] JSON validation successful: TRUE
[2026-09-19 00:36:44] [TRACE]   [OmnipathR] Param in `omnipath_query`: [query_type=annotations,organism=9606,resources=TCGA,datasets=NULL(0),types=NULL(0),default_fields=TRUE,silent=FALSE,logicals=NULL(0),download_args=[],references_by_resource=TRUE,add_counts=TRUE,license=academic,password=NULL(0),exclude=NULL(0),json_param=[],strict_evidences=FALSE,genesymbol_resource=UniProt,cache=TRUE,proteins=NULL(0),qt_message=annotation records,keep_evidences=FALSE,orthology_targets=integer(0)]
[2026-09-19 00:36:44] [TRACE]   [OmnipathR] Looking up in cache: `https://omnipathdb.org/annotations?resources=TCGA&license=academic`
[2026-09-19 00:36:44] [INFO]    [OmnipathR] Cache record does not exist: `https://omnipathdb.org/annotations?resources=TCGA&license=academic`
[2026-09-19 00:36:44] [TRACE]   [OmnipathR] Looking up in cache: `http://no-tls.omnipathdb.org/annotations?resources=TCGA&license=academic`
[2026-09-19 00:36:44] [INFO]    [OmnipathR] Cache record does not exist: `http://no-tls.omnipathdb.org/annotations?resources=TCGA&license=academic`
[2026-09-19 00:36:44] [TRACE]   [OmnipathR] Attempting `https://omnipathdb.org/annotations?resources=TCGA&license=academic`
[2026-09-19 00:36:44] [INFO]    [OmnipathR] Retrieving URL: `https://omnipathdb.org/annotations?resources=TCGA&license=academic`
[2026-09-19 00:36:44] [TRACE]   [OmnipathR] Attempt 1/3: `https://omnipathdb.org/annotations?resources=TCGA&license=academic`
[2026-09-19 00:36:44] [TRACE]   [OmnipathR] HTTP request by `omnipath_curl`.
[2026-09-19 00:36:44] [TRACE]   [OmnipathR] The following curl options are not available: tcp_keepcnt
[2026-09-19 00:36:44] [TRACE]   [OmnipathR] Curl options: [connecttimeout=10,timeout=300,debugfunction=<function>,verbose=FALSE,tcp_keepalive=TRUE,tcp_keepintvl=10,tcp_keepidle=10,upkeep_interval_ms=30000,ssl_verifypeer=1,ssl_verifyhost=2]
[2026-09-19 00:36:44] [TRACE]   [OmnipathR] HTTP v1 GET: status 200.
[2026-09-19 00:36:44] [TRACE]   [OmnipathR] Downloaded 72 bytes in 0.354653s from omnipathdb.org (203 bytes/s); Redirect: 0s, DNS look up: 0.018033s, Connection: 0.125353s, Pretransfer: 0.226383s, First byte at: 0.354575s
[2026-09-19 00:36:44] [TRACE]   [OmnipathR] HTTP headers: HTTP/1.1 200 OK; Server: nginx; Date: Fri, 18 Sep 2026 22:36:44 GMT; Content-Type: text/plain; charset=utf-8; Transfer-Encoding: chunked; Connection: keep-alive; Expires: Fri, 18 Sep 2026 23:36:44 GMT; Cache-Control: max-age=3600; X-Frame-Options: DENY; X-Cache-Status: MISS; Content-Encoding: gzip
[2026-09-19 00:36:45] [INFO]    [OmnipathR] Successfully retrieved: `https://omnipathdb.org/annotations?resources=TCGA&license=academic`
[2026-09-19 00:36:45] [TRACE]   [OmnipathR] Reading JSON from `/home/marcelo.hurtado/.cache/OmnipathR/cache.json` (encoding: UTF-8).
[2026-09-19 00:36:45] [TRACE]   [OmnipathR] JSON validation successful: TRUE
[2026-09-19 00:36:45] [TRACE]   [OmnipathR] Reading JSON from `/home/marcelo.hurtado/.cache/OmnipathR/cache.json` (encoding: UTF-8).
[2026-09-19 00:36:45] [TRACE]   [OmnipathR] JSON validation successful: TRUE
[2026-09-19 00:36:45] [INFO]    [OmnipathR] Cache item `b8111f4e86bbae1520da9e8ed0546dcfb4a0e77d` version 1: status changed from `unknown` to `started`.
[2026-09-19 00:36:45] [TRACE]   [OmnipathR] Exporting object to RDS: `/home/marcelo.hurtado/.cache/OmnipathR/b8111f4e86bbae1520da9e8ed0546dcfb4a0e77d-1.rds`.
[2026-09-19 00:36:45] [TRACE]   [OmnipathR] Exported RDS to `/home/marcelo.hurtado/.cache/OmnipathR/b8111f4e86bbae1520da9e8ed0546dcfb4a0e77d-1.rds`.
[2026-09-19 00:36:45] [INFO]    [OmnipathR] Download ready [key=b8111f4e86bbae1520da9e8ed0546dcfb4a0e77d, version=1]
[2026-09-19 00:36:45] [TRACE]   [OmnipathR] Reading JSON from `/home/marcelo.hurtado/.cache/OmnipathR/cache.json` (encoding: UTF-8).
[2026-09-19 00:36:45] [TRACE]   [OmnipathR] JSON validation successful: TRUE
[2026-09-19 00:36:45] [INFO]    [OmnipathR] Cache item `b8111f4e86bbae1520da9e8ed0546dcfb4a0e77d` version 1: status changed from `started` to `ready`.
[2026-09-19 00:36:45] [SUCCESS] [OmnipathR] Downloaded 0 annotation records.
